// Vitest Snapshot v1, https://vitest.dev/guide/snapshot.html

exports[`representative activity cards have stable actor-centered snapshots and one item per event 1`] = `
[
  "Сотрудник УК · Анна28.09.2026, 22:20УК выбрала подрядчикаПодрядчик АПервичное выполнение",
  "Сотрудник УК · Анна28.09.2026, 22:20Задание направлено подрядчикуПодрядчик АПервичное выполнение",
  "Подрядчик · Подрядчик А28.09.2026, 22:20Подрядчик принял работуПервичное выполнение",
  "Подрядчик · Подрядчик А28.09.2026, 22:20УК уточняет исполнителяПодрядчик отказал: Нет свободной бригадыПервичное выполнение",
  "Подрядчик · Подрядчик А28.09.2026, 22:20Подрядчик сообщил о выполненииВосстановили отоплениеПервичное выполнениеresult-a.jpgФото · 2 КБ",
  "Житель · Ирина28.09.2026, 22:20Житель подтвердил результатПервичное выполнение",
  "Житель · Ирина28.09.2026, 22:20Житель оставил замечаниеСтояк всё ещё холодныйПервичное выполнение",
  "Сотрудник УК · Анна28.09.2026, 22:20УК вернула работу на доработкуПервичное выполнение",
  "Сотрудник УК · Анна28.09.2026, 22:20УК завершила обращениеДоработка №1",
]
`;
